/home/fleet75/diss_bess/6_models/dispatch_layer.py:408: UserWarning: You are solving a parameterized problem that is not DPP. Because the problem is not DPP, subsequent solves will not be faster than the first one. For more information, see the documentation on Disciplined Parametrized Programming, at https://www.cvxpy.org/tutorial/dpp/index.html
  bundle.problem.solve(solver=solver, **solver_kwargs)
[impute] 66 missing values across ['prosumption', 'solar_irrad', 'panel_temp', 'ambient_temp'] after reindex
[impute]   prosumption: 20 missing, longest run 11h   <-- LONG GAP (review)
[impute]   panel_temp: 46 missing, longest run 19h   <-- LONG GAP (review)
n_train=365  n_val=181

======================================================================
CORNER: single k=0.0
======================================================================
Set parameter WLSAccessID
Set parameter WLSSecret
Set parameter LicenseID to value 2828580
Academic license 2828580 - for non-commercial use only - registered to al___@ucl.ac.uk
/home/fleet75/diss_bess/.venv/lib/python3.12/site-packages/diffcp/cone_program.py:522: UserWarning: Solved/Inaccurate.
  warnings.warn("Solved/Inaccurate.")
[single k=0] epoch  0  val_combined=30.8390  val_fsurr=2.3148  val_pinball=146.8222  skipped=0  (81s elapsed)
[single k=0] epoch  1  val_combined=20.3260  val_fsurr=2.3148  val_pinball=95.8340  skipped=0  (164s elapsed)
[single k=0] epoch  2  val_combined=42.1247  val_fsurr=2.3144  val_pinball=202.8281  skipped=0  (225s elapsed)
[single k=0] epoch  3  val_combined=35.9371  val_fsurr=2.3151  val_pinball=172.8496  skipped=0  (286s elapsed)
[single k=0] epoch  4  val_combined=40.5270  val_fsurr=2.3146  val_pinball=194.4376  skipped=0  (344s elapsed)
[single k=0] epoch  5  val_combined=60.6781  val_fsurr=2.3144  val_pinball=293.4932  skipped=0  (403s elapsed)
[single k=0] epoch  6  val_combined=54.7559  val_fsurr=2.3147  val_pinball=264.1955  skipped=0  (461s elapsed)
[single k=0] epoch  7  val_combined=123.0083  val_fsurr=2.3150  val_pinball=604.7567  skipped=0  (519s elapsed)
[single k=0] epoch  8  val_combined=130.0111  val_fsurr=2.3151  val_pinball=639.6891  skipped=0  (578s elapsed)
[single k=0] epoch  9  val_combined=119.5425  val_fsurr=2.3142  val_pinball=587.0484  skipped=0  (636s elapsed)
[single k=0] epoch 10  val_combined=91.5804  val_fsurr=2.3146  val_pinball=447.4847  skipped=0  (701s elapsed)
[single k=0] epoch 11  val_combined=109.2695  val_fsurr=2.3147  val_pinball=535.5290  skipped=0  (769s elapsed)
[single k=0] epoch 12  val_combined=89.9364  val_fsurr=2.3152  val_pinball=439.1242  skipped=0  (831s elapsed)
[single k=0] epoch 13  val_combined=138.3665  val_fsurr=2.3152  val_pinball=681.4851  skipped=0  (889s elapsed)
[single k=0] epoch 14  val_combined=153.9932  val_fsurr=2.3147  val_pinball=759.9655  skipped=0  (948s elapsed)

single k=0.0 val_pinball trajectory: ['146.8', '95.8', '202.8', '172.8', '194.4', '293.5', '264.2', '604.8', '639.7', '587.0', '447.5', '535.5', '439.1', '681.5', '760.0']
first-half mean=195.8  second-half mean=586.9  ratio=3.00x

======================================================================
single k=0.0 val_pinball: ['147', '96', '203', '173', '194', '293', '264', '605', '640', '587', '447', '536', '439', '681', '760']
