CORNER_START price_model=single k=1.0 (point_robust)
/home/fleet75/diss_bess/6_models/dispatch_layer.py:432: UserWarning: You are solving a parameterized problem that is not DPP. Because the problem is not DPP, subsequent solves will not be faster than the first one. For more information, see the documentation on Disciplined Parametrized Programming, at https://www.cvxpy.org/tutorial/dpp/index.html
  bundle.problem.solve(solver=solver, **solver_kwargs)
[impute] 66 missing values across ['prosumption', 'solar_irrad', 'panel_temp', 'ambient_temp'] after reindex
[impute]   prosumption: 20 missing, longest run 11h   <-- LONG GAP (review)
[impute]   panel_temp: 46 missing, longest run 19h   <-- LONG GAP (review)
n_train=365  n_val=181
precomputing oracle costs (train)...
Set parameter WLSAccessID
Set parameter WLSSecret
Set parameter LicenseID to value 2828580
Academic license 2828580 - for non-commercial use only - registered to al___@ucl.ac.uk
/home/fleet75/diss_bess/7_model_training/train_corner_point_robust.py:263: UserWarning: Converting a tensor with requires_grad=True to a scalar may lead to unexpected behavior.
Consider using tensor.detach() first. (Triggered internally at /__w/pytorch/pytorch/torch/csrc/autograd/generated/python_variable_methods.cpp:822.)
  float(L_base.sum()), float(f_dfl.sum()), (B if inaccurate else 0))
precomputing oracle costs (val)...
precomputing frozen baseline boxes (train)...
precomputing frozen baseline boxes (val)...
[single k=1.0 point_robust] epoch  0  val_fsurr=197.5215  val_pinball=51.1202  val_combined=75.3222  skipped=0  grad_norm(mean/max)=832.375/1731.295  sat_frac(train/val)=0.640/0.708  inaccurate(train/val)=256/10  *best
[single k=1.0 point_robust] epoch  1  val_fsurr=173.2909  val_pinball=63.5735  val_combined=79.7017  skipped=0  grad_norm(mean/max)=639.126/2389.112  sat_frac(train/val)=0.679/0.655  inaccurate(train/val)=189/0  *best
[single k=1.0 point_robust] epoch  2  val_fsurr=193.0287  val_pinball=58.4605  val_combined=76.8131  skipped=0  grad_norm(mean/max)=654.131/1530.723  sat_frac(train/val)=0.655/0.639  inaccurate(train/val)=112/0  (patience 1/5)
[single k=1.0 point_robust] epoch  3  val_fsurr=200.2554  val_pinball=67.4413  val_combined=85.7735  skipped=0  grad_norm(mean/max)=604.337/1259.996  sat_frac(train/val)=0.643/0.702  inaccurate(train/val)=64/3  (patience 2/5)
[single k=1.0 point_robust] epoch  4  val_fsurr=189.1831  val_pinball=71.2471  val_combined=82.7505  skipped=0  grad_norm(mean/max)=828.411/1797.208  sat_frac(train/val)=0.717/0.740  inaccurate(train/val)=125/8  (patience 3/5)
[single k=1.0 point_robust] epoch  5  val_fsurr=186.7546  val_pinball=64.3518  val_combined=80.8471  skipped=0  grad_norm(mean/max)=639.755/1060.975  sat_frac(train/val)=0.746/0.746  inaccurate(train/val)=128/3  (patience 4/5)
[single k=1.0 point_robust] epoch  6  val_fsurr=191.5723  val_pinball=65.2745  val_combined=79.3176  skipped=0  grad_norm(mean/max)=819.548/1813.041  sat_frac(train/val)=0.706/0.668  inaccurate(train/val)=112/2  (patience 5/5)
  early stop at epoch 6 (best val_fsurr=173.2909)

CORNER_DONE price_model=single k=1.0 best_val_fsurr=173.2909 epochs_run=7 elapsed_s=13009
CORNER_SAVED /home/fleet75/diss_bess/7_model_training/dfl_point_robust_single_k1.pt
