CORNER_START price_model=single k=0.0 (point_robust)
/home/fleet75/diss_bess/6_models/dispatch_layer.py:432: UserWarning: You are solving a parameterized problem that is not DPP. Because the problem is not DPP, subsequent solves will not be faster than the first one. For more information, see the documentation on Disciplined Parametrized Programming, at https://www.cvxpy.org/tutorial/dpp/index.html
  bundle.problem.solve(solver=solver, **solver_kwargs)
[impute] 66 missing values across ['prosumption', 'solar_irrad', 'panel_temp', 'ambient_temp'] after reindex
[impute]   prosumption: 20 missing, longest run 11h   <-- LONG GAP (review)
[impute]   panel_temp: 46 missing, longest run 19h   <-- LONG GAP (review)
n_train=365  n_val=181
precomputing oracle costs (train)...
Set parameter WLSAccessID
Set parameter WLSSecret
Set parameter LicenseID to value 2828580
Academic license 2828580 - for non-commercial use only - registered to al___@ucl.ac.uk
/home/fleet75/diss_bess/7_model_training/train_corner_point_robust.py:263: UserWarning: Converting a tensor with requires_grad=True to a scalar may lead to unexpected behavior.
Consider using tensor.detach() first. (Triggered internally at /__w/pytorch/pytorch/torch/csrc/autograd/generated/python_variable_methods.cpp:822.)
  float(L_base.sum()), float(f_dfl.sum()), (B if inaccurate else 0))
precomputing oracle costs (val)...
precomputing frozen baseline boxes (train)...
precomputing frozen baseline boxes (val)...
[single k=0.0 point_robust] epoch  0  val_fsurr=47.4763  val_pinball=48.7486  val_combined=30.9178  skipped=0  grad_norm(mean/max)=268.730/476.994  sat_frac(train/val)=0.600/0.769  inaccurate(train/val)=0/0  *best
[single k=0.0 point_robust] epoch  1  val_fsurr=48.5852  val_pinball=50.4738  val_combined=30.9178  skipped=0  grad_norm(mean/max)=264.790/604.628  sat_frac(train/val)=0.469/0.786  inaccurate(train/val)=0/0  (patience 1/5)
[single k=0.0 point_robust] epoch  2  val_fsurr=47.3172  val_pinball=49.1802  val_combined=30.2917  skipped=0  grad_norm(mean/max)=307.250/798.543  sat_frac(train/val)=0.568/0.729  inaccurate(train/val)=0/0  *best
[single k=0.0 point_robust] epoch  3  val_fsurr=47.8311  val_pinball=52.6357  val_combined=30.9849  skipped=0  grad_norm(mean/max)=286.036/766.270  sat_frac(train/val)=0.559/0.562  inaccurate(train/val)=0/0  (patience 1/5)
[single k=0.0 point_robust] epoch  4  val_fsurr=47.2918  val_pinball=51.3289  val_combined=29.8842  skipped=0  grad_norm(mean/max)=346.081/558.921  sat_frac(train/val)=0.613/0.602  inaccurate(train/val)=0/0  *best
[single k=0.0 point_robust] epoch  5  val_fsurr=48.0840  val_pinball=52.4584  val_combined=31.7502  skipped=0  grad_norm(mean/max)=246.705/564.803  sat_frac(train/val)=0.565/0.796  inaccurate(train/val)=0/0  (patience 1/5)
[single k=0.0 point_robust] epoch  6  val_fsurr=47.2414  val_pinball=54.4736  val_combined=31.6282  skipped=0  grad_norm(mean/max)=323.246/1882.205  sat_frac(train/val)=0.543/0.840  inaccurate(train/val)=0/0  *best
[single k=0.0 point_robust] epoch  7  val_fsurr=49.5900  val_pinball=51.2011  val_combined=31.0313  skipped=0  grad_norm(mean/max)=295.294/551.024  sat_frac(train/val)=0.610/0.752  inaccurate(train/val)=0/0  (patience 1/5)
[single k=0.0 point_robust] epoch  8  val_fsurr=46.0827  val_pinball=49.0273  val_combined=28.2047  skipped=0  grad_norm(mean/max)=251.854/613.426  sat_frac(train/val)=0.575/0.628  inaccurate(train/val)=0/0  *best
[single k=0.0 point_robust] epoch  9  val_fsurr=49.0767  val_pinball=53.7125  val_combined=31.0685  skipped=0  grad_norm(mean/max)=291.316/853.363  sat_frac(train/val)=0.561/0.811  inaccurate(train/val)=0/0  (patience 1/5)

CORNER_DONE price_model=single k=0.0 best_val_fsurr=46.0827 epochs_run=10 elapsed_s=3616
CORNER_SAVED /home/fleet75/diss_bess/7_model_training/dfl_point_robust_single_k0.pt
