CORNER_START price_model=dual (1-stage, no k)
/home/fleet75/diss_bess/6_models/dispatch_layer.py:432: UserWarning: You are solving a parameterized problem that is not DPP. Because the problem is not DPP, subsequent solves will not be faster than the first one. For more information, see the documentation on Disciplined Parametrized Programming, at https://www.cvxpy.org/tutorial/dpp/index.html
  bundle.problem.solve(solver=solver, **solver_kwargs)
[impute] 66 missing values across ['prosumption', 'solar_irrad', 'panel_temp', 'ambient_temp'] after reindex
[impute]   prosumption: 20 missing, longest run 11h   <-- LONG GAP (review)
[impute]   panel_temp: 46 missing, longest run 19h   <-- LONG GAP (review)
n_train=365  n_val=181
precomputing oracle costs (train)...
Set parameter WLSAccessID
Set parameter WLSSecret
Set parameter LicenseID to value 2828580
Academic license 2828580 - for non-commercial use only - registered to al___@ucl.ac.uk
/home/fleet75/diss_bess/7_model_training/train_corner_1stage.py:204: UserWarning: Converting a tensor with requires_grad=True to a scalar may lead to unexpected behavior.
Consider using tensor.detach() first. (Triggered internally at /__w/pytorch/pytorch/torch/csrc/autograd/generated/python_variable_methods.cpp:822.)
  float(L_base.sum()), float(f_dfl.sum()), (B if inaccurate else 0))
precomputing oracle costs (val)...
[dual 1stage] epoch  0  val_fsurr=219.4291  val_pinball=50.9549  val_combined=72.2113  skipped=0  grad_norm(mean/max)=807.593/2447.324  inaccurate(train/val)=0/0  *best
[dual 1stage] epoch  1  val_fsurr=244.1445  val_pinball=49.1722  val_combined=71.7758  skipped=0  grad_norm(mean/max)=457.814/1182.687  inaccurate(train/val)=0/0  (patience 1/5)
[dual 1stage] epoch  2  val_fsurr=228.7127  val_pinball=50.8994  val_combined=73.4096  skipped=0  grad_norm(mean/max)=467.219/787.691  inaccurate(train/val)=0/0  (patience 2/5)
[dual 1stage] epoch  3  val_fsurr=232.8758  val_pinball=47.8079  val_combined=70.3444  skipped=0  grad_norm(mean/max)=364.538/645.570  inaccurate(train/val)=0/0  (patience 3/5)
[dual 1stage] epoch  4  val_fsurr=231.3778  val_pinball=48.3999  val_combined=71.2169  skipped=0  grad_norm(mean/max)=422.335/1165.015  inaccurate(train/val)=0/0  (patience 4/5)
[dual 1stage] epoch  5  val_fsurr=222.5380  val_pinball=48.2333  val_combined=69.9494  skipped=0  grad_norm(mean/max)=560.380/1632.322  inaccurate(train/val)=0/0  (patience 5/5)
  early stop at epoch 5 (best val_fsurr=219.4291)

CORNER_DONE price_model=dual best_val_fsurr=219.4291 epochs_run=6 elapsed_s=250
CORNER_SAVED /home/fleet75/diss_bess/7_model_training/dfl_1stage_dual.pt
